[    0.000] Iniazig cgroup ssubsys cpuset
[    0.000000] Initializing cgroup subsys cpu
[    0.000000] Initializing cgroup subsys cpuacct
[    0.000000] Linux version 4.4.0-157-generic (buildd@lgw01-amd64-037) (gcc version 5.4.0 20160609 (Ubuntu 5.4.0-6ubuntu1~16.04.10) ) #185-Ubuntu SMP Tue Jul 23 09:17:01 UTC 2019 (Ubuntu 4.4.0-157.185-generic 4.4.181)
[    0.000000] Command line: BOOT_IMAGE=/boot/vmlinuz-4.4.0-157-generic root=LABEL=cloudimg-rootfs ro console=tty1 console=ttyS0
[    0.000000] KERNEL supported cpus:
[    0.000000]   Intel GenuineIntel
[    0.000000]   AMD AuthenticAMD
[    0.000000]   Centaur CentaurHauls
[    0.000000] x86/fpu: xstate_offset[2]:  576, xstate_sizes[2]:  256
[    0.000000] x86/fpu: Supporting XSAVE feature 0x01: 'x87 floating point registers'
[    0.000000] x86/fpu: Supporting XSAVE feature 0x02: 'SSE registers'
[    0.000000] x86/fpu: Supporting XSAVE feature 0x04: 'AVX registers'
[    0.000000] x86/fpu: Enabled xstate features 0x7, context size is 832 bytes, using 'standard' format.
[    0.000000] e820: BIOS-provided physical RAM map:
[    0.000000] BIOS-e820: [mem 0x0000000000000000-0x000000000009fbff] usable
[    0.000000] BIOS-e820: [mem 0x000000000009fc00-0x000000000009ffff] reserved
[    0.000000] BIOS-e820: [mem 0x00000000000f0000-0x00000000000fffff] reserved
[    0.000000] BIOS-e820: [mem 0x0000000000100000-0x000000007ffeffff] usable
[    0.000000] BIOS-e820: [mem 0x000000007fff0000-0x000000007fffffff] ACPI data
[    0.000000] BIOS-e820: [mem 0x00000000fec00000-0x00000000fec00fff] reserved
[    0.000000] BIOS-e820: [mem 0x00000000fee00000-0x00000000fee00fff] reserved
[    0.000000] BIOS-e820: [mem 0x00000000fffc0000-0x00000000ffffffff] reserved
[    0.000000] NX (Execute Disable) protection: active
[    0.000000] SMBIOS 2.5 present.
[    0.000000] Hypervisor detected: KVM
[    0.000000 e20la_pfn =x7f0 max_arch_pfn = 0x400000000
[    0.000000] MTRR: Disabled
[    0.000000] x86/PAT: MTRRs disabled, skipping PAT initialization too.
[    0.000000] CPU MTRRs all blank - virtualized system.
[    0.000000] x86/PAT: Configuration [0-7]: WB  WT  UC- UC  WB  WT  UC- UC  
[    0.000000] found SMP MP-table at [mem 0x0009fff0-0x0009ffff] mapped at [ffff88000009fff0]
[    0.000000] Scanning 1 areas for low memory corruption
[    0.000000] RAMDISK: [mem 0x362fa000-0x37174fff]
[    0.000000] ACPI: Early table checksum verification disabled
[    0.000000] ACPI: RSDP 0x00000000000E0000 000024 (v02 VBOX  )
[    0.000000] ACPI: XSDT 0x000000007FFF0030 00003C (v01 VBOX   VBOXXSDT 00000001 ASL  00000061)
[    0.000000] ACPI: FACP 0x000000007FFF00F0 0000F4 (v04 VBOX   VBOXFACP 00000001 ASL  00000061)
[    0.000000] ACPI: DSDT 0x000000007FFF0470 0021FF (v02 VBOX   VBOXBIOS 00000002 INTL 20180105)
[    0.000000] ACPI: FACS 0x000000007FFF0200 000040
[    0.000000] ACPI: FACS 0x000000007FFF0200 000040
[    0.000000] ACPI: APIC 0x000000007FFF0240 00005C (v02 VBOX   VBOXAPIC 00000001 ASL  00000061)
[    0.000000] ACPI: SSDT 0x000000007FFF02A0 0001CC (v01 VBOX   VBOXCPUT 00000002 INTL 20180105)
[    0.000000] No NUMA configuration found
[    0.000000] Faking a node at [mem 0x0000000000000000-0x000000007ffeffff]
[    0.000000] NODE_DATA(0) allocated [mem 0x7ffeb000-0fffff]
[    0.000000] kvm-clock: Using msrs 4b564d01 and 4b564d00
[    0.000000] kvm-clock: cpu 0, msr 0:7ffe3001, primary cpu clock
[    0.000000] kvm-clock: using sched offset of 4939425052 cycles
[    0.000000] clocksource: kvm-clock: mask: 0xffffffffffffffff max_cycles: 0x1cd42e4dffb, max_idle_ns: 881590591483 ns
[    0.000000] Zone ranges:
[    0.000000]   DMA      [mem 0x0000000000001000-0x0000000000ffffff]
[    0.000000]   DMA32    [mem 0x0000000001000000-0x000000007ffeffff]
[    0.000000]   Normal   empty
[    0.000000]   Device   empty
[    0.000000] Movable zone start for each node
[    0.000000] Early memory node ranges
[    0.000000]   node   0: [mem 0x0000000000001000-0x000000000009efff]
[    0.000000]   node   0: [memx000000001000-x000000007ffeffff]
[    0.000000] Initmem setup node 0 [mem 0x0000000000001000-0x000000007ffeffff]
[    0.000000] ACPI: PM-Timer IO Port: 0x4008
[    0.000000] IOAPIC[0]: apic_id 2, version 32, address 0xfec00000, GSI 0-23
[    0.000000] ACPI: INT_SRC_OVR (bus 0 bus_irq 0 global_irq 2 dfl dfl)
[    0.000000] ACPI: INT_SRC_OVR (bus 0 bus_irq 9 global_irq 9 low level)
[    0.000000] Using ACPI (MADT) for SMP configuration information
[    0.000000] smpboot: Allowing 2 CPUs, 0 hotplug CPUs
[    0.000000] PM: Registered nosave memory: [mem 0x00000000-0x00000fff]
[    0.000000] PM: Registered nosave memory: [mem 0x0009f000-0x0009ffff]
[    0.000000] PM: Registered nsave memy: [mem 0x000a0000-0x000effff]
[    0.000000] PM: Registered nosave memory: [mem 0x000f0000-0x000fffff]
[    0.000000] e820: [mem 0x80000000-0xfebfffff] available for PCI devices
[    0.000000] Booting paravirtualized kernel on KVM
[    0.000000] clocksource: refined-jiffies: mask: 0xffffffff max_cycles: 0xffffffff, max_idle_ns: 7645519600211568 ns
[    0.000000] setup_percpu: NR_CPUS:512 nr_cpumask_bits:512 nr_cpu_ids:2 nr_node_ids:1
[    0.000000] PERCPU: Embedded 34 pages/cpu @ffff88007fc00000 s99544 r8192 d31528 u1048576
[    0.000000] Built 1 zonelists in Node order, mobility grouping on.  Total pages: 515960
[    0.000000] Policy zone: DMA32
[    0.000000] Kernel command line: BOOT_IMAGE=/boot/vmlinuz-4.4.0-157-generic root=LABEL=cloudimg-rootfs ro console=tty1 console=ttyS0
[    0.000000] PID hash table entries: 4096 (order: 3, 32768 bytes)
[    0.000000] Memory: 2029924K/2096696K available (8618K kernel code, 13K rwdata, 4032K rodata, 1484K init, 1284K bss, 66772K reserved, 0K cma-reserved)
[    0.000000] SLUB: HWalign=64, Order=0-3, MinObjects=0, CPUs=2, Nodes=1
[    0.000000] Kernel/User page tables isolation: enabled
[    0.000000] Hierarchical RCU implementation.
[    0.000000] 	Build-time adjustment of leaf fanout to 64.
[    0.000000] 	RCU restricting CPUs from NR_CPUS=512 to nr_cpu_ids=2.
[    0.000000] RCU: Adjusting geometry for rcu_fanout_leaf=64, nr_cpu_ids=2
[    0.000000] NR_IRQS:33024 nr_irqs:440 16
[    0.000000] Console: colour VGA+ 80x25
[    0.000000] console [tty1] enabled
[    0.000000] console [ttyS0] enabled
[    0.000000] tsc: Detected 2807.998 MHz processor
[    0.876567] Calibrating delay loop (skipped) preset value.. 5615.99 BogoMIPS (lpj=11231992)
[    0.878155] pid_max: default: 32768 minimum: 301
[    0.879118] ACPI: Core revision 20150930
[    0.880677] ACPI: 2 ACPI AML tables successfully acquired and loaded
[    0.881801] Security Framework initialized
[    0.882909] Yama: becoming mindful.
[    0.883811] AppArmor: AppArmor initialized
[    0.885526] Dentry cache hash table entries: 262144 (order: 9, 2097152 bytes)
[    0.887266] Inode-cache hash table entries: 131072 (order: 8, 1048576 bytes)
[    0.889437] Mount-cache hash table entries: 4096 (order: 3, 32768 bytes)
[    0.890658] Mountpoint-cache hash table entries: 4096 (order: 3, 32768 bytes)
[    0.892211] Initializing cgroup subsys io
[    0.893050] Initializing cgroup subsys memory
[    0.893814] Initializing cgroup subsys devices
[    0.894667] Initializing cgroup subsys freezer
[    0.895578] Initializing cgroup subsys net_cls

[    0.896396] Initializing cgroup subsys perf_event
[    0.897336] Initializing cgroup subsys net_prio
[    0.898376] Initializing cgroup subsys hugetlb
[    0.899253] Initializing cgroup subsys pids
[    0.901493] mce: CPU supports 0 MCE banks
[    0.902503] Last level iTLB entries: 4KB 64, 2MB 8, 4MB 8
[    0.903740] Last level dTLB entries: 4KB 64, 2MB 0, 4MB 0, 1GB 4
[    0.904765] Spectre V2 : Mitigation: Full generic retpoline
[    0.905674] Spectre V2 : Spectre v2 / SpectreRSB mitigation: Filling RSB on context switch
[    0.907220] Speculative Store Bypass: Vulnerable
[    0.908195] MDS: Mitigation: Clear CPU buffers
[    0.911620] Freeing SMP alternatives memory: 36K
[    0.917410] ftrace: allocating 32312 entries in 127 pages
[    0.979270] smpboot: APIC(0) Converting physical 0 to logical package 0
[    1.022018] smpboot: Max logical packages: 1
[    1.023103] x2apic enabled
[    1.024044] Switched APIC routing to physical x2apic.
[    1.026314] ..TIMER: vector=0x30 apic1=0 pin1=2 apic2=-1 pin2=-1
[    1.132014] smpboot: CPU0: Intel(R) Core(TM) i7-7700HQ CPU @ 2.80GHz (family: 0x6, model: 0x9e, stepping: 0x9)
[    1.159457] Performance Events: unsupported p6 CPU model 158 no PMU driver, software events only.
[    1.170478] KVM setup paravirtual spinlock
[    1.219272] x86: Booting SMP configuration:
[    1.220121] .... node  #0, CPUs:      #1
[    1.220986] kvm-clock: cpu 1, msr 0:7ffe3041, secondary cpu clock
[    1.234623] mce: CPU supports 0 MCE banks
[    1.237139] x86: Booted up 1 node, 2 CPUs
[    1.320704] smpboot: Total of 2 processors activated (11231.99 BogoMIPS)
[    1.476847] devtmpfs: initialized
[    1.532486] evm: security.selinux
[    1.533046] evm: security.SMACK64
[    1.533594] evm: security.SMACK64EXEC
[    1.534298] evm: security.SMACK64TRANSMUTE
[    1.534944] evm: security.SMACK64MMAP
[    1.535640] evm: security.ima
[    1.536212] evm: security.capability
[    1.537175] clocksource: jiffies: mask: 0xffffffff max_cycles: 0xffffffff, max_idle_ns: 7645041785100000 ns
[    1.538779] futex hash table entries: 512 (order: 3, 32768 bytes)
[    1.539819] pinctrl core: initialized pinctrl subsystem
[    1.540738] RTC time:  0:53:36, date: 08/16/19
[    1.541620] NET: Registered protocol family 16
[    1.552700] cpuidle: using governor ladder
[    1.584352] cpuidle: using governor menu
[    1.601327] PCCT header not found.
[    1.602495] ACPI: bus type PCI registered
[    1.603394] acpiphp: ACPI Hot Plug PCI Controller Driver version: 0.5
[    1.604686] PCI: Using configuration type 1 for base access
[    1.616930] ACPI: Added _OSI(Module Device)
[    1.617832] ACPI: Added _OSI(Processor Device)
[    1.618815] ACPI: Added _OSI(3.0 _SCP Extensions)
[    1.619770] ACPI: Added _OSI(Processor Aggregator Device)
[    1.621616] ACPI: Executed 1 blocks of module-level executable AML code
[    1.629756] ACPI: Interpreter enabled
[    1.650535] ACPI: (supports S0 S5)
[    1.651412] ACPI: Using IOAPIC for interrupt routing
[    1.652803] PCI: Using host bridge windows from ACPI; if necessary, use "pci=nocrs" and report a bug
[    1.662723] ACPI: PCI Root Bridge [PCI0] (domain 0000 [bus 00-ff])
[    1.664327] acpi PNP0A03:00: _OSC: OS supports [ASPM ClockPM Segments MSI]
[    1.666022] acpi PNP0A03:00: _OSC: not requesting OS control; OS requires [ExtendedConfig ASPM ClockPM MSI]
[    1.679061] acpi PNP0A03:00: fail to add MMCONFIG information, can't access extended PCI configuration space under this bridge.
[    1.683511] PCI host bridge to bus 0000:00
[    1.684753] pci_bus 0000:00: root bus resource [io  0x0000-0x0cf7 window]
[    1.686360] pci_bus 0000:00: root bus resource [io  0x0d00-0xffff window]
[    1.687822] pci_bus 0000:00: root bus resource [mem 0x000a0000-0x000bffff window]
[    1.689579] pci_bus 0000:00: root bus resource [mem 0x80000000-0xfdffffff window]
[    1.691140] pci_bus 0000:00: root bus resource [bus 00-ff]
[    1.695407] pci 0000:00:01.1: legacy IDE quirk: reg 0x10: [io  0x01f0-0x01f7]
[    1.697847] pci 0000:00:01.1: legacy IDE quirk: reg 0x14: [io  0x03f6]
[    1.699025] pci 0000:00:01.1: legacy IDE quirk: reg 0x18: [io  0x0170-0x0177]
[    1.700505] pci 0000:00:01.1: legacy IDE quirk: reg 0x1c: [io  0x0376]
[    1.723956] pci 0000:00:07.0: quirk: [io  0x4000-0x403f] claimed by PIIX4 ACPI
[    1.733611] pci 0000:00:07.0: quirk: [io  0x4100-0x410f] claimed by PIIX4 SMB
[    1.746993] ACPI: PCI Interrupt Link [LNKA] (IRQs 5 9 10 *11)
[    1.749003] ACPI: PCI Interrupt Link [LNKB] (IRQs 5 9 *10 11)
[    1.750796] ACPI: PCI Interrupt Link [LNKC] (IRQs 5 *9 10 11)
[    1.754711] ACPI: PCI Interrupt Link [LNKD] (IRQs 5 9 10 *11)
[    1.764391] ACPI: Enabled 2 GPEs in block 00 to 07
[    1.834531] vgaarb: setting as boot device: PCI:0000:00:02.0
[    1.835578] vgaarb: device added: PCI:0000:00:02.0,decodes=io+mem,owns=io+mem,locks=none
[    1.837219] vgaarb: loaded
[    1.837832] vgaarb: bridge control possible 0000:00:02.0
[    1.838951] SCSI subsystem initialized
[    1.839796] ACPI: bus type USB registered
[    1.840516] usbcore: registered new interface driver usbfs
[    1.841391] usbcore: registered new interface driver hub
[    1.842251] usbcore: registered new device driver usb
[    1.843359] PCI: Using ACPI for IRQ routing
[    1.844311] NetLabel: Initializing
[    1.844902] NetLabel:  domain hash size = 128
[    1.845573] NetLabel:  protocols = UNLABELED CIPSOv4
[    1.846383] NetLabel:  unlabeled traffic allowed by default
[    1.852817] amd_nb: Cannot enumerate AMD northbridges
[    1.853799] clocksource: Switched to clocksource kvm-clock
[    1.860908] AppArmor: AppArmor Filesystem Enabled
[    1.861905] pnp: PnP ACPI init
[    1.863338] pnp: PnP ACPI: found 3 devices
[  18715clcksource: acpi_pm: mask: 0xffffff max_cycles: 0xffffff, max_idle_ns: 2085701024 ns
[    2.057321] NET: Registered protocol family 2
[    2.058357] TCP established hash table entries: 16384 (order: 5, 131072 bytes)
[    2.060479] TCP bind hash table entries: 16384 (order: 6, 262144 bytes)
[    2.061620] TCP: Hash tables configured (established 16384 bind 16384)
[    2.062767] UDP hash table entries: 1024 (order: 3, 32768 bytes)
[    2.063909] UDP-Lite hash table entries: 1024 (order: 3, 32768 bytes)
[    2.064946] NET: Registered protocol family 1
[    2.065838] pci 0000:00:00.0: Limiting direct PCI/PCI transfers
[    2.066836] pci 0000:00:01.0: Activating ISA DMA hang workarounds
[    2.067982] Unpacking initramfs...
[    2.265482] Freeing initrd memory: 14828K
[    2.326607] clocksource: tsc: mask: 0xffffffffffffffff max_cycles: 0x2879c456dd4, max_idle_ns: 440795285767 ns
[    2.328259] platform rtc_cmos: registered platform RTC device (no PNP device found)
[    2.329501] Scanning for low memory corruption every 60 seconds
[    2.330877] audit: initializing netlink subsys (disabled)
[    2.331807] audit: type=2000 audit(1565916822.476:1): initialized
[    2.332963] Initialise system trusted keyring
[    2.333923] HugeTLB registered 2 MB page size, pre-allocated 0 pages
[    2.335917] zbud: loaded
[    2.336951] VFS: Disk quotas dquot_6.6.0
[    2.337634] VFS: Dquot-cache hash table entries: 512 (order 0, 4096 bytes)
[    2.338878] squashfs: version 4.0 (2009/01/31) Phillip Lougher
[    2.340080] fuse init (API version 7.23)
[    2.340804] Key type big_key registered
[    2.341443] Allocating IMA MOK and blacklist keyrings.
[    2.343397] Key type asymmetric registered
[    2.344233] Asymmetric key parser 'x509' registered
[    2.345095] Block layer SCSI generic (bsg) driver version 0.4 loaded (major 249)
[    2.346479] io scheduler noop registered
[    2.347211] io scheduler deadline registered (default)
[    2.348100] io scheduler cfq registered
[    2.348885] pci_hotplug: PCI Hot Plug PCI Core version: 0.5
[    2.349849] pciehp: PCI Express Hot Plug Controller Driver version: 0.4
[    2.351372] ACPI: AC Adapter [AC] (off-line)
[    2.352421] input: Power Button as /devices/LNXSYSTM:00/LNXPWRBN:00/input/input0
[    2.353699] ACPI: Power Button [PWRF]
[    2.354503] input: Sleep Button as /devices/LNXSYSTM:00/LNXSLPBN:00/input/input1
[    2.355832] ACPI: Sleep Button [SLPF]
[    2.357281] ACPI: Battery Slot [BAT0] (battery present)
[    2.358083] GHES: HEST is not enabled!
[    2.358868] Serial: 8250/16550 driver, 32 ports, IRQ sharing enabled
[    2.381667] 00:02: ttyS0 at I/O 0x3f8 (irq = 4, base_baud = 115200) is a 16550A
[    2.384000] Linux agpgart interface v0.103
[    2.387185] loop: module loaded
[    2.388884] scsi host0: ata_piix
[    2.390000] scsi host1: ata_piix
[    2.426656] ata1: PATA max UDMA/33 cmd 0x1f0 ctl 0x3f6 bmdma 0xd000 irq 14
[    2.427713] ata2: PATA max UDMA/33 cmd 0x170 ctl 0x376 bmdma 0xd008 irq 15
[    2.429203] libphy: Fixed MDIO Bus: probed
[    2.430321] tun: Universal TUN/TAP device driver, 1.6
[    2.431409] tun: (C) 1999-2004 Max Krasnyansky <maxk@qualcomm.com>
[    2.432708] PPP generic driver version 2.4.2
[    2.433744] ehci_hcd: USB 2.0 'Enhanced' Host Controller (EHCI) Driver
[    2.435080] ehci-pci: EHCI PCI platform driver
[    2.436156] ehci-platform: EHCI generic platform driver
[    2.437211] ohci_hcd: USB 1.1 'Open' Host Controller (OHCI) Driver
[    2.438529] ohci-pci: OHCI PCI platform driver
[    2.439527] ohci-platform: OHCI generic platform driver
[    2.440587] uhci_hcd: USB Universal Host Controller Interface driver
[    2.441869] i8042: PNP: PS/2 Controller [PNP0303:PS2K,PNP0f03:PS2M] at 0x60,0x64 irq 1,12
[    2.444247] serio: i8042 KBD port at 0x60,0x64 irq 1
[    2.445421] serio: i8042 AUX port at 0x60,0x64 irq 12
[    2.446761] mousedev: PS/2 mouse device common for all mice
[    2.448456] rtc_cmos rtc_cmos: rtc core: registered rtc_cmos as rtc0
[    2.449996] rtc_cmos rtc_cmos: alarms up to one day, 114 bytes nvram
[    2.451375] i2c /dev entries driver
[    2.452256] input: AT Translated Set 2 keyboard as /devices/platform/i8042/serio0/input/input2
[    2.454306] device-mapper: uevent: version 1.0.3
[    2.455357] device-mapper: ioctl: 4.34.0-ioctl (2015-10-28) initialised: dm-devel@redhat.com
[    2.457233] ledtrig-cpu: registered to indicate activity on CPUs
[    2.458952] NET: Registered protocol family 10
[    2.460487] NET: Registered protocol family 17
[    2.461666] Key type dns_resolver registered
[    2.463116] registered taskstats version 1
[    2.464247] Loading compiled-in X.509 certificates
[    2.466131] Loaded X.509 cert 'Build time autogenerated kernel key: 3e01e6df98386236d59670e6b2ed19a044d5324e'
[    2.468464] zswap: loaded using pool lzo/zbud
[    2.471603] Key type trusted registered
[    2.476002] Key type encrypted registered
[    2.476983] AppArmor: AppArmor sha1 policy hashing enabled
[    2.478209] ima: No TPM chip found, activating TPM-bypass!
[    2.479352] ima: Allocated hash algorithm: sha1
[    2.480224] evm: HMAC attrs: 0x1
[    2.481222]   Magic number: 15:549:860
[    2.482104] rtc_cmos rtc_cmos: setting system clock to 2019-08-16 00:53:37 UTC (1565916817)
[    2.483867] BIOS EDD facility v0.16 2004-Jun-25, 0 devices found
[    2.485145] EDD information not available.
[    2.587392] Freeing unused kernel memory: 1484K
[    2.590341] Write protecting the kernel read-only data: 14336k
[    2.595288] Freeing unused kernel memory: 1612K
[    2.598855] Freeing unused kernel memory: 64K
Loading, please wait...
starting version[    2.633513] random: systemd-udevd: uninitialized urandom read (16 bytes read, 3 bits of entropy available)
 229
[    2.634674] random: udevadm: uninitialized urandom read (16 bytes read, 3 bits of entropy available)
[    2.634700] random: udevadm: uninitialized urandom read (16 bytes read, 3 bits of entropy available)
[    2.645713] random: udevadm: uninitialized urandom read (16 bytes read, 3 bits of entropy available)
[    2.645778] random: udevadm: uninitialized urandom read (16 bytes read, 3 bits of entropy available)
[    2.645914] random: udevadm: uninitialized urandom read (16 bytes read, 3 bits of entropy available)
[    2.645963] random: udevadm: uninitialized urandom read (16 bytes read, 3 bits of entropy available)
[    2.646068] random: udevadm: uninitialized urandom read (16 bytes read, 3 bits of entropy available)
[    2.646119] random: udevadm: uninitialized urandom read (16 bytes read, 3 bits of entropy available)
[    2.646165] random: udevadm: uninitialized urandom read (16 bytes read, 3 bits of entropy available)
[    2.700440] e1000: Intel(R) PRO/1000 Network Driver - version 7.3.21-k8-NAPI
[    2.702339] e1000: Copyright (c) 1999-2006 Intel Corporation.
[    2.713709] Fusion MPT base driver 3.04.20
[    2.715217] Copyright (c) 1999-2008 LSI Corporation
[    2.725100] Fusion MPT SPI Host driver 3.04.20
[    2.738897] AVX2 version of gcm_enc/dec engaged.
[    2.740461] AES CTR mode by8 optimization enabled
[    2.919265] input: ImExPS/2 Generic Explorer Mouse as /devices/platform/i8042/serio1/input/input4
[    3.070875] e1000 0000:00:03.0 eth0: (PCI:33MHz:32-bit) 02:c3:b4:e7:31:26
[    3.072429] e1000 0000:00:03.0 eth0: Intel(R) PRO/1000 Network Connection
[    3.505712] e1000 0000:00:08.0 eth1: (PCI:33MHz:32-bit) 08:00:27:54:39:d8
[    3.841067] e1000 0000:00:08.0 eth1: Intel(R) PRO/1000 Network Connection
[    3.844896] e1000 0000:00:03.0 enp0s3: renamed from eth0
[    3.847302] mptbase: ioc0: Initiating bringup
[    3.862258] e1000 0000:00:08.0 enp0s8: renamed from eth1
[    3.914155] ioc0: LSI53C1030 A0: Capabilities={Initiator}
[    4.119771] scsi host2: ioc0: LSI53C1030 A0, FwRev=00000000h, Ports=1, MaxQ=256, IRQ=20
[    4.235391] scsi 2:0:0:0: Direct-Access     VBOX     HARDDISK         1.0  PQ: 0 ANSI: 5
[    4.517297] scsi target2:0:0: Beginning Domain Validation
[    4.519324] scsi target2:0:0: Domain Validation skipping write tests
[    4.520437] scsi target2:0:0: Ending Domain Validation
[    4.521471] scsi target2:0:0: asynchronous
[    4.522688] scsi 2:0:1:0: Direct-Access     VBOX     HARDDISK         1.0  PQ: 0 ANSI: 5
[    4.524170] scsi target2:0:1: Beginning Domain Validation
[    4.525919] scsi target2:0:1: Domain Validation skipping write tests
[    4.677865] scsi target2:0:1: Ending Domain Validation
[    4.798507] scsi target2:0:1: asynchronous
[    4.804707] sd 2:0:0:0: [sda] 20971520 512-byte logical blocks: (10.7 GB/10.0 GiB)
[    4.887601] sd 2:0:0:0: Attached scsi generic sg0 type 0
[    4.889411] sd 2:0:1:0: Attached scsi generic sg1 type 0
[    4.890745] sd 2:0:1:0: [sdb] 20480 512-byte logical blocks: (10.5 MB/10.0 MiB)
[    4.890769] sd 2:0:0:0: [sda] Write Protect is off
[    4.893248] sd 2:0:0:0: [sda] Incomplete mode parameter data
[    4.893439] sd 2:0:1:0: [sdb] Write Protect is off
[    4.893529] sd 2:0:1:0: [sdb] Incomplete mode parameter data
[    4.893530] sd 2:0:1:0: [sdb] Assuming drive cache: write through
[    4.906486] sd 2:0:0:0: [sda] Assuming drive cache: write through
[    5.111331]  sda: sda1
[    5.141293] sd 2:0:0:0: [sda] Attached SCSI disk
[    6.068600] sd 2:0:1:0: [sdb] Attached SCSI disk
Begin: Loading essential drivers ... [    8.161865] md: linear personality registered for level -1
[    8.166564] md: multipath personality registered for level -4
[    8.171814] md: raid0 personality registered for level 0
[    8.192815] md: raid1 personality registered for level 1
[    8.270020] raid6: sse2x1   gen()  7975 MB/s
[    8.338330] raid6: sse2x1   xor()  6327 MB/s
[    8.506768] raid6: sse2x2   gen() 12626 MB/s
[    8.576792] raid6: sse2x2   xor()  7833 MB/s
[    8.646405] raid6: sse2x4   gen() 12679 MB/s
[    8.716822] raid6: sse2x4   xor() 11192 MB/s
[    8.785823] raid6: avx2x1   gen() 21723 MB/s
[    8.856856] raid6: avx2x2   gen() 24184 MB/s
[    8.926087] raid6: avx2x4   gen() 23267 MB/s
[    8.926874] raid6: using algorithm avx2x2 gen() 24184 MB/s
[    8.927921] raid6: using avx2x2 recovery algorithm
[    8.929839] xor: automatically using best checksumming function:
[    8.977819]    avx       : 24375.000 MB/sec
[    9.032119] async_tx: api initialized (async)
[    9.069113] md: raid6 personality registered for level 6
[    9.089950] md: raid5 personality registered for level 5
[    9.091293] md: raid4 personality registered for level 4
[    9.099212] md: raid10 personality registered for level 10
done.
Begin: Running /scripts/init-premount ... done.
Begin: Mounting root file system ... Begin: Ru[    9.180176] Btrfs loaded
nning /scripts/local-top ... done.
Begin: Running /scripts/local-premount ... Scanning for Btrfs filesystems
[    9.466431] random: nonblocking pool is initialized
done.
Warning: fsck no[    9.742135] EXT4-fs (sda1): INFO: recovery required on readonly filesystem
t present, so skipping root file system
[    9.792888] EXT4-fs (sda1): write access will be enabled during recovery
[   11.358691] EXT4-fs (sda1): orphan cleanup on readonly fs
[   11.710681] EXT4-fs (sda1): 4 orphan inodes deleted
[   11.815654] EXT4-fs (sda1): recovery complete
[   11.867463] EXT4-fs (sda1): mounted filesystem with ordered data mode. Opts: (null)
done.
Begin: Running /scripts/local-bottom ... done.
Begin: Running /scripts/init-bottom ... done.
[   13.223052] systemd[1]: systemd 229 running in system mode. (+PAM +AUDIT +SELINUX +IMA +APPARMOR +SMACK +SYSVINIT +UTMP +LIBCRYPTSETUP +GCRYPT +GNUTLS +ACL +XZ -LZ4 +SECCOMP +BLKID +ELFUTILS +KMOD -IDN)
[   13.429467] systemd[1]: Detected virtualization oracle.
[   13.479488] systemd[1]: Detected architecture x86-64.

Welcome to [1mUbuntu 16.04.6 LTS[0m!

[   13.578478] systemd[1]: Set hostname to <node2>.
[ 143988] systemd[1]: Configuration file /lib/systemd/system/kubelet.service is marked world-inaccessible. This has no effect as configuration data is accessible via APIs without restrictions. Proceeding anyway.
[   14.752986] systemd[1]: Configuration file /etc/systemd/system/kubelet.service.d/10-kubeadm.conf is marked world-inaccessible. This has no effect as configuration data is accessible via APIs without restrictions. Proceeding anyway.
[   14.775835] systemd[1]: Listening on LVM2 metadata daemon socke
[[0;32m  OK  [0m] Listening on LVM2 metadata daemon socket.
[   14.842525] systemd[1]: Listening on LVM2 poll daemon socket.
[[0;32m  OK  [0m] Listening on LVM2 poll daemon socket.
[   14.845881] systemd[1]: Created slice System Slice.
[[0;32m  OK  [0m] Created slice System Slice.
[   14.848386] systemd[1]: Reached target User and Group Name Lookups.
[[0;32m  OK  [0m] Reached target User and Group Name Lookups.
[   14.851586] systemd[1]: Listening on /dev/initctl Compatibility Named Pipe.
[[0;32m  OK  [0m] Listening on /dev/initctl Compatibility Named Pipe.
[   14.854128] systemd[1]: Created slice system-serial\x2dgetty.slice.
[[0;32m  OK  [0m] Created slice system-serial\x2dgetty.slice.
[   14.856284] systemd[1]: Reached target Swap.
[[0;32m  OK  [0m] Reached target Swap.
[   14.858905] systemd[1]: Listening on Journal Socket (/dev/log).
[[0;32m  OK  [0m] Listening on Journal Socket (/dev/log).
[   14.861823] systemd[1]: Listening on Journal Socket.
[[0;32m  OK  [0m] Listening on Journal Socket.
[   14.873984] systemd[1]: Mounting Debug File System...
         Mounting Debug File System...
[   14.958163] systemd[1]: Starting Load Kernel Modules...
         Starting Load Kernel Modules...
[   14.966284] systemd[1]: Mounting Huge Pages File System...
         Mounting Huge Pages File System...
[   14.969180] systemd[1]: Starting Set console keymap...
         Starting Set console keymap...
[   15.110219] systemd[1]: Reached target Encrypted Volumes.
[[0;32m  OK  [0m] Reached target Encrypted Volumes.
[   15.174338] systemd[1]: Starting Create list of required static device nodes for the current kernel...
         Starting Create list of required[   15.192904] Loading iSCSI transport class v2.0-870.
 st... nodes for the current kernel...
[   15.195749] systemd[1]: Listening on Syslog Socket.
[[0;32m  OK  [0m] Listening on Syslog Socket.
[   15.198365] systemd[1]: Started Trigger resolvconf update for networkd DNS.
[[0;32m  OK  [0m] Started Trigger resolvconf update for networkd DNS.
[ 15234631] systemd[1]: Listening on Device-mapper event daemon FIFOs.
[[0;32m  OK  [0m] Listening on Device-mapper event daemon FIFOs.
[   15.342061] systemd[1]: Starting Monitoring of LVM2 mirrors, snapshots etc. using dmeventd or progress polling...
         Starting Monitoring of LVM2 mirrors... dmeventd or progress polling...
[   15.346253] iscsi: registered transport (tcp)
[   15.347616] systemd[1]: Starting Nameserver information manager...
         Starting Nameserver information manager...
[   15.351185] systemd[1]: Starting Remount Root and Kernel File Systems...
         Starting Remount Root and Kernel File Systems...
[   15.354489] systemd[1]: Starting Uncomplicated firewall...
         Starting Uncomplicated firewall...
[   15.357019] systemd[1]: Created slice User and Session Slice.
[[0;32m  OK  [0m] Created slice User and Session Slice.
[   15.359977] systemd[1]: Reached target Slices.
[[0;32m  OK  [0m] Reached target Slices.
[   15.362151] systemd[1]: Started Forward Password Requests to Wall Directory Watch.
[[0;32m  OK  [0m] Started Forward Password Requests to Wall Directory Watch.
[   15.365731] systemd[1]: Mounting POSIX Message Queue File System...
         Mounting POSIX Message Queue File System...
[   15.368216] systemd[1]: Set up automount Arbitrary Executable File Formats File System Automount Point.
[[0;32m  OK  [0m] Set up automount Arbitrary Executab...ats File System Automount Point.
[   15.536051] EXT4-fs (sda1): re-mounted. Opts: (null)
[   15.546155] systemd[1]: Listening on udev Control Socket.
[[0;32m  OK  [0m] Listening on udev Control Socket.
[   15.548345] systemd[1]: Listening on udev Kernel Socket.
[[0;32m  OK  [0m] Listening on udev Kernel Socket.
[   15.690327] systemd[1]: Reached target System Time Synchronized.
[[0;32m  OK  [0m] Reached target System Time Synchronized.
[   15.692372] systemd[1]: Listening on Journal Audit Socket.
[[0;32m  OK  [0m] Listening on Journal Audit Socket.
[   15.710016] systemd[1]: Starting Journal Service...
         Starting Journal Service...
[   15.713199] systemd[1]: Mounted Huge Pages File System.
[[0;32m  OK  [0m] Mounted Huge Pages File System.
[   15.715257] systemd[1]: Mounted POSIX Message Queue File System.
[[0;32m  OK  [0m] Mounted POSIX Message Queue File System.
[   15.717412] systemd[1]: Mounted Debug File System.
[[0;32m  OK  [0m] Mounted Debug File System.
[   15.719969] systemd[1]: Started Set console keymap.
[[0;32m  OK  [0m] Started Set console keymap.
[   15.723054] systemd[1]: Started Create list of required static device nodes for the current kernel.
[[0;32m  OK  [0m] Started Create list of required sta...ce nodes for the current kernel.
[   15.726917] systemd[1]: Started Remount Root and Kernel File Systems.
[[0;32m  OK  [0m] Started Remount Root and Kernel File Systems.
[   15.730470] systemd[1]: Started Uncomplicated firewall.
[[0;32m  OK  [0m] Started Uncomplicated firewall.
[   15.737130] systemd[1]: Started Nameserver information manager.
[[0;32m  OK  [0m] Started Nameserver information manager.
[   15.766456] iscsi: registered transport (iser)
[   15.878329] systemd[1]: Starting Load/Save Random Seed...
         Starting Load/Save Random Seed...
[   16.006023] systemd[1]: Starting udev Coldplug all Devices...
         Starting udev Coldplug all Devices...
[   16.062020] systemd[1]: Starting Create Static Device Nodes in /dev...
         Starting Create Static Device Nodes in /dev...
[   16.092770] systemd[1]: Started Journal Service.
[[0;32m  OK  [0m] Started Journal Service.
[[0;32m  OK  [0m] Started Load Kernel Modules.
[[0;32m  OK  [0m] Started Load/Save Random Seed.
[[0;32m  OK  [0m] Started LVM2 metadata daemon.
         Starting Apply Kernel Variables...
         Mounting FUSE Control File System...
         Starting Flush Journal to Persistent Storage...
[[0;32m  OK  [0m] Mounted FUSE Control File System.
[[0;32m  OK  [0m] Started udev Coldplug all Devices.
[   16.241992] systemd-journald[404]: Received request to flush runtime journal from PID 1
[[0;32m  OK  [0m] Started Flush Journal to Persistent Storage.
[[0;32m  OK  [0m] Started Apply Kernel Variables.
[[0;32m  OK  [0m] Started Create Static Device Nodes in /dev.
         Starting udev Kernel Device Manager...
[[0;32m  OK  [0m] Started Monitoring of LVM2 mirrors,...ng dmeventd or progress polling.
[[0;32m  OK  [0m] Reached target Local File Systems (Pre).
[[0;32m  OK  [0m] Reached target Local File Systems.
         Starting Set console font and keymap...
         Starting LSB: AppArmor initialization...
         Starting Tell Plymouth To Write Out Runtime Data...
         Starting Initial cloud-init job (pre-networking)...
         Starting Create Volatile Files and Directories...
         Starting LSB: ebtables ruleset management...
[[0;32m  OK  [0m] Started Tell Plymouth To Write Out Runtime Data.
[[0;32m  OK  [0m] Started Create Volatile Files and Directories.
         Starting Update UTMP about System Boot/Shutdown...
[[0;32m  OK  [0m] Started Update UTMP about System Boot/Shutdown.
[[0;32m  OK  [0m] Started LSB: ebtables ruleset management.
[[0;32m  OK  [0m] Started udev Kernel Device Manager.
[[0;32m  OK  [0m] Started Dispatch Password Requests to Console Directory Watch.
[[0;32m  OK  [0m] Started Set console font and keymap.
[[0;32m  OK  [0m] Created slice system-getty.slice.
[[0;32m  OK  [0m] Found device /dev/ttyS0.
[[0;32m  OK  [0m] Listening on Load/Save RF Kill Switch Status /dev/rfkill Watch.
[[0;32m  OK  [0m] Found device 82540EM Gigabit Ethern...r (PRO/1000 MT Desktop Adapter).
[[0;32m  OK  [0m] Found device 82540EM Gigabit Ethern...r (PRO/1000 MT Desktop Adapter).
[[0;32m  OK  [0m] Started LSB: AppArmor initialization.
[   21.029516] cloud-init[475]: Cloud-init v. 19.1-1-gbaa47854-0ubuntu1~16.04.1 running 'init-local' at Fri, 16 Aug 2019 00:53:56 +0000. Up 20.41 seconds.
[[0;32m  OK  [0m] Started Initial cloud-init job (pre-networking).
[[0;32m  OK  [0m] Reached target Network (Pre).
         Starting Raise network interfaces...
[[0;32m  OK  [0m] Started ifup for enp0s8.
[[0;32m  OK  [0m] Started ifup for enp0s3.
[[0;32m  OK  [0m] Started Raise network interfaces.
[[0;32m  OK  [0m] Reached target Network.
         Starting Initial cloud-init job (metadata service crawler)...
[   22.188262] cloud-init[1089]: Cloud-init v. 19.1-1-gbaa47854-0ubuntu1~16.04.1 running 'init' at Fri, 16 Aug 2019 00:53:58 +0000. Up 21.75 seconds.
[   22.191051] cloud-init[1089]: ci-info: ++++++++++++++++++++++++++++++++++++++Net device info+++++++++++++++++++++++++++++++++++++++
[   22.193388] cloud-init[1089]: ci-info: +--------+------+-----------------------------+---------------+--------+-------------------+
[   22.196240] cloud-init[1089]: ci-info: | Device |  Up  |           Address           |      Mask     | Scope  |     Hw-Address    |
[   22.201654] cloud-init[1089]: ci-info: +--------+------+-----------------------------+---------------+--------+-------------------+
[   22.203607] cloud-init[1089]: ci-info: | enp0s3 | True |          10.0.2.15          | 255.255.255.0 | global | 02:c3:b4:e7:31:26 |
[   22.205547] cloud-init[1089]: ci-info: | enp0s3 | True |  fe80::c3:b4ff:fee7:3126/64 |       .       |  link  | 02:c3:b4:e7:31:26 |
[   22.207336] cloud-init[1089]: ci-info: | enp0s8 | True |        192.168.205.12       | 255.255.255.0 | global | 08:00:27:54:39:d8 |
[   22.209142] cloud-init[1089]: ci-info: | enp0s8 | True | fe80::a00:27ff:fe54:39d8/64 |       .       |  link  | 08:00:27:54:39:d8 |
[   22.211093] cloud-init[1089]: ci-info: |   lo   | True |          127.0.0.1          |   255.0.0.0   |  host  |         .         |
[   22.217154] cloud-init[1089]: ci-info: |   lo   | True |           ::1/128           |       .       |  host  |         .         |
[   22.218875] cloud-init[1089]: ci-info: +--------+------+-----------------------------+---------------+--------+-------------------+
[   22.220721] cloud-init[1089]: ci-info: ++++++++++++++++++++++++++++Route IPv4 info+++++++++++++++++++++++++++++
[   22.222296] cloud-init[1089]: ci-info: +-------+---------------+----------+---------------+-----------+-------+
[   22.223901] cloud-init[1089]: ci-info: | Route |  Destination  | Gateway  |    Genmask    | Interface | Flags |
[   22.225630] cloud-init[1089]: ci-info: +-------+---------------+----------+---------------+-----------+-------+
[   22.227323] cloud-init[1089]: ci-info: |   0   |    0.0.0.0    | 10.0.2.2 |    0.0.0.0    |   enp0s3  |   UG  |
[   22.229076] cloud-init[1089]: ci-info: |   1   |    10.0.2.0   | 0.0.0.0  | 255.255.255.0 |   enp0s3  |   U   |
[   22.230690] cloud-init[1089]: ci-info: |   2   | 192.168.205.0 | 0.0.0.0  | 255.255.255.0 |   enp0s8  |   U   |
[   22.232265] cloud-init[1089]: ci-info: +-------+---------------+----------+---------------+-----------+-------+
[   22.233855] cloud-init[1089]: ci-info: +++++++++++++++++++Route IPv6 info+++++++++++++++++++
[   22.235297] cloud-init[1089]: ci-info: +-------+-------------+---------+-----------+-------+
[   22.239071] cloud-init[1089]: ci-info: | Route | Destination | Gateway | Interface | Flags |
[   22.240548] cloud-init[1089]: ci-info: +-------+-------------+---------+-----------+-------+
[   22.241985] cloud-init[1089]: ci-info: |   0   |  fe80::/64  |    ::   |   enp0s8  |   U   |
[   22.243441] cloud-init[1089]: ci-info: |   1   |  fe80::/64  |    ::   |   enp0s3  |   U   |
[   22.244860] cloud-init[1089]: ci-info: |   4   |   ff00::/8  |    ::   |   enp0s8  |   U   |
[   22.246335] cloud-init[1089]: ci-info: |   5   |   ff00::/8  |    ::   |   enp0s3  |   U   |
[   22.247682] cloud-init[1089]: ci-info: +-------+-------------+---------+-----------+-------+
[[0;32m  OK  [0m] Started Initial cloud-init job (metadata service crawler).
[[0;32m  OK  [0m] Reached target Cloud-config availability.
[[0;32m  OK  [0m] Reached target Network is Online.
         Starting iSCSI initiator daemon (iscsid)...
[[0;32m  OK  [0m] Reached target System Initialization.
[[0;32m  OK  [0m] Started Daily apt download activities.
[[0;32m  OK  [0m] Listening on UUID daemon activation socket.
[[0;32m  OK  [0m] Started Daily apt upgrade and clean activities.
[[0;32m  OK  [0m] Started Daily Cleanup of Temporary Directories.
         Starting Socket activation for snappy daemon.
[[0;32m  OK  [0m] Started ACPI Events Check.
[[0;32m  OK  [0m] Reached target Paths.
[[0;32m  OK  [0m] Reached target Timers.
[[0;32m  OK  [0m] Listening on D-Bus System Message Bus Socket.
         Starting LXD - unix socket.
         Starting Docker Socket for the API.
[[0;32m  OK  [0m] Listening on ACPID Listen Socket.
[[0;32m  OK  [0m] Listening on Socket activation for snappy daemon.
[[0;32m  OK  [0m] Listening on LXD - unix socket.
[[0;32m  OK  [0m] Listening on Docker Socket for the API.
[[0;32m  OK  [0m] Started iSCSI initiator daemon (iscsid).
         Starting Login to default iSCSI targets...
[[0;32m  OK  [0m] Reached target Sockets.
[[0;32m  OK  [0m] Reached target Basic System.
         Starting LSB: MD monitoring daemon...
         Starting Accounts Service...
         Starting LXD - container startup/shutdown...
[[0;32m  OK  [0m] Started ACPI event daemon.
         Starting LSB: Record successful boot for GRUB...
         Starting /etc/rc.local Compatibility...
[[0;32m  OK  [0m] Started kubelet: The Kubernetes Node Agent.
         Starting Login Service...
[[0;32m  OK  [0m] Started Regular background program processing daemon.
         Starting Docker Application Container Engine...
[[0;32m  OK  [0m] Started FUSE filesystem for LXC.
[[0;32m  OK  [0m] Started D-Bus System Message Bus.
         Starting Virtualbox guest utils...
[[0;32m  OK  [0m] Started Deferred execution scheduler.
         Starting OpenBSD Secure Shell server...
         Starting System Logging Service...
         Starting Snappy daemon...
[[0;32m  OK  [0m] Started /etc/rc.local Compatibility.
[[0;32m  OK  [0m] Started Login Service.
[[0;32m  OK  [0m] Started Unattended Upgrades Shutdown.
[[0;32m  OK  [0m] Started LSB: MD monitoring daemon.
[[0;32m  OK  [0m] Started Login to default iSCSI targets.
[[0;32m  OK  [0m] Reached target Remote File Systems (Pre).
[[0;32m  OK  [0m] Reached target Remote File Systems.
         Starting LSB: Set up cgroupfs mounts....
         Starting LSB: automatic crash report generation...
         Starting LSB: Set the CPU Frequency Scaling governor to "ondemand"...
         Starting Permit User Sessions...
         Starting LSB: daemon to balance interrupts for SMP systems...
[[0;32m  OK  [0m] Started LSB: Set the CPU Frequency Scaling governor to "ondemand".
[[0;32m  OK  [0m] Started LSB: Set up cgroupfs mounts..
[[0;32m  OK  [0m] Started Permit User Sessions.
         Starting Hold until boot process finishes up...
         Starting Terminate Plymouth Boot Screen...
         Starting Authenticate and Authorize Users to Run Privileged Tasks...
[[0;32m  OK  [0m] Started LSB: Record successful boot for GRUB.
[[0;32m  OK  [0m] Started Hold until boot process finishes up.
[[0;32m  OK  [0m] Started Terminate Plymouth Boot Screen.
         Starting Set console scheme...
[[0;32m  OK  [0m] Started Getty on tty1.
[[0;32m  OK  [0m] Started Serial Getty on ttyS0.
[[0;32m  OK  [0m] Reached target Login Prompts.
[[0;32m  OK  [0m] Started LSB: automatic crash report generation.
[[0;32m  OK  [0m] Started LSB: daemon to balance interrupts for SMP systems.
[[0;32m  OK  [0m] Started System Logging Service.
[[0;32m  OK  [0m] Started Set console scheme.
[[0;32m  OK  [0m] Started OpenBSD Secure Shell server.
[[0;32m  OK  [0m] Started Authenticate and Authorize Users to Run Privileged Tasks.
[[0;32m  OK  [0m] Started Accounts Service.
[[0;32m  OK  [0m] Started Virtualbox guest utils.
[[0;32m  OK  [0m] Created slice User Slice of vagrant.
         Starting User Manager for UID 1000...
[[0;32m  OK  [0m] Started Session 1 of user vagrant.
[[0;32m  OK  [0m] Started User Manager for UID 1000.
[[0;32m  OK  [0m] Started LXD - container startup/shutdown.
[[0;32m  OK  [0m] Started Snappy daemon.
         Starting Wait until snapd is fully seeded...
[[0;32m  OK  [0m] Started Wait until snapd is fully seeded.
         Starting Apply the settings specified in cloud-config...
[   29.982577] cloud-init[1427]: Cloud-init v. 19.1-1-gbaa47854-0ubuntu1~16.04.1 running 'modules:config' at Fri, 16 Aug 2019 00:54:06 +0000. Up 29.56 seconds.

Ubuntu 16.04.6 LTS node2 ttyS0

node2 login: [   53.712824] cloud-init[1940]: Cloud-init v. 19.1-1-gbaa47854-0ubuntu1~16.04.1 running 'modules:final' at Fri, 16 Aug 2019 00:54:29 +0000. Up 53.00 seconds.
[   53.713055] cloud-init[1940]: Cloud-init v. 19.1-1-gbaa47854-0ubuntu1~16.04.1 finished at Fri, 16 Aug 2019 00:54:30 +0000. Datasource DataSourceNoCloud [seed=/dev/sdb][dsmode=net].  Up 53.70 seconds
[ 1054.096556] e1000 0000:00:08.0 enp0s8: Reset adapter
